../Core/Src/main.c:85:6:HAL_UART_RxCpltCallback	16	static
../Core/Src/main.c:92:6:pwm_orta_deger	4	static
../Core/Src/main.c:104:6:pwm_deger_update	4	static
../Core/Src/main.c:116:6:motor_durdur	16	static
../Core/Src/main.c:152:6:motor_baslat	8	static
../Core/Src/main.c:165:6:motor_ata	16	static
../Core/Src/main.c:185:6:GPIO_Kontrol	4	static
../Core/Src/main.c:195:5:main	72	static
../Core/Src/main.c:282:6:SystemClock_Config	88	static
../Core/Src/main.c:329:13:MX_ADC1_Init	24	static
../Core/Src/main.c:421:13:MX_I2C2_Init	8	static
../Core/Src/main.c:455:13:MX_TIM2_Init	64	static
../Core/Src/main.c:527:13:MX_TIM4_Init	64	static
../Core/Src/main.c:599:13:MX_USART1_UART_Init	8	static
../Core/Src/main.c:630:13:MX_DMA_Init	16	static
../Core/Src/main.c:648:13:MX_GPIO_Init	40	static
../Core/Src/main.c:705:6:StartGPIO_Value	16	static
../Core/Src/main.c:724:6:StartMotor_Update	16	static
../Core/Src/main.c:744:6:HAL_TIM_PeriodElapsedCallback	16	static
../Core/Src/main.c:761:6:Error_Handler	4	static,ignoring_inline_asm
