../Core/Src/main.c:79:5:main	8	static
../Core/Src/main.c:128:6:SystemClock_Config	88	static
../Core/Src/main.c:174:13:MX_ADC1_Init	24	static
../Core/Src/main.c:221:13:MX_ADC2_Init	24	static
../Core/Src/main.c:268:13:MX_I2C1_Init	8	static
../Core/Src/main.c:302:13:MX_TIM1_Init	80	static
../Core/Src/main.c:379:13:MX_TIM2_Init	48	static
../Core/Src/main.c:440:13:MX_USART3_UART_Init	8	static
../Core/Src/main.c:473:13:MX_GPIO_Init	32	static
../Core/Src/main.c:505:6:Error_Handler	4	static,ignoring_inline_asm
