11:03:13 **** Incremental Build of configuration Debug for project demedukit_3 ****
make -j16 all 
arm-none-eabi-gcc "../Core/Src/stm32g0xx_hal_msp.c" -mcpu=cortex-m0plus -std=gnu11 -g3 -DDEBUG -DUSE_HAL_DRIVER -DSTM32G030xx -c -I../Core/Inc -I../Drivers/STM32G0xx_HAL_Driver/Inc -I../Drivers/STM32G0xx_HAL_Driver/Inc/Legacy -I../Drivers/CMSIS/Device/ST/STM32G0xx/Include -I../Drivers/CMSIS/Include -O0 -ffunction-sections -fdata-sections -Wall -fstack-usage -fcyclomatic-complexity -MMD -MP -MF"Core/Src/stm32g0xx_hal_msp.d" -MT"Core/Src/stm32g0xx_hal_msp.o" --specs=nano.specs -mfloat-abi=soft -mthumb -o "Core/Src/stm32g0xx_hal_msp.o"
arm-none-eabi-gcc "../Core/Src/stm32g0xx_it.c" -mcpu=cortex-m0plus -std=gnu11 -g3 -DDEBUG -DUSE_HAL_DRIVER -DSTM32G030xx -c -I../Core/Inc -I../Drivers/STM32G0xx_HAL_Driver/Inc -I../Drivers/STM32G0xx_HAL_Driver/Inc/Legacy -I../Drivers/CMSIS/Device/ST/STM32G0xx/Include -I../Drivers/CMSIS/Include -O0 -ffunction-sections -fdata-sections -Wall -fstack-usage -fcyclomatic-complexity -MMD -MP -MF"Core/Src/stm32g0xx_it.d" -MT"Core/Src/stm32g0xx_it.o" --specs=nano.specs -mfloat-abi=soft -mthumb -o "Core/Src/stm32g0xx_it.o"
arm-none-eabi-gcc -o "demedukit_3.elf" @"objects.list"   -mcpu=cortex-m0plus -T"C:\Users\hasan\STM32CubeIDE\workspace_1.14.0\demedukit_3\STM32G030C8TX_FLASH.ld" --specs=nosys.specs -Wl,-Map="demedukit_3.map" -Wl,--gc-sections -static --specs=nano.specs -mfloat-abi=soft -mthumb -Wl,--start-group -lc -lm -Wl,--end-group
Finished building target: demedukit_3.elf
 
arm-none-eabi-size  demedukit_3.elf 
arm-none-eabi-objdump -h -S demedukit_3.elf  > "demedukit_3.list"
   text	   data	    bss	    dec	    hex	filename
   7788	     20	   1644	   9452	   24ec	demedukit_3.elf
Finished building: default.size.stdout
 
Finished building: demedukit_3.list
 

11:03:14 Build Finished. 0 errors, 0 warnings. (took 718ms)

