12:14:32 **** Incremental Build of configuration Debug for project edukit_ilk ****
make -j16 all 
arm-none-eabi-gcc "../Core/Src/main.c" -mcpu=cortex-m0plus -std=gnu11 -g3 -DDEBUG -DUSE_HAL_DRIVER -DSTM32G030xx -c -I../Core/Inc -I../Drivers/STM32G0xx_HAL_Driver/Inc -I../Drivers/STM32G0xx_HAL_Driver/Inc/Legacy -I../Drivers/CMSIS/Device/ST/STM32G0xx/Include -I../Drivers/CMSIS/Include -O0 -ffunction-sections -fdata-sections -Wall -fstack-usage -fcyclomatic-complexity -MMD -MP -MF"Core/Src/main.d" -MT"Core/Src/main.o" --specs=nano.specs -mfloat-abi=soft -mthumb -o "Core/Src/main.o"
arm-none-eabi-gcc -o "edukit_ilk.elf" @"objects.list"   -mcpu=cortex-m0plus -T"C:\Users\hasan\STM32CubeIDE\workspace_1.14.0\edukit_ilk\STM32G030C8TX_FLASH.ld" --specs=nosys.specs -Wl,-Map="edukit_ilk.map" -Wl,--gc-sections -static --specs=nano.specs -mfloat-abi=soft -mthumb -Wl,--start-group -lc -lm -Wl,--end-group
Finished building target: edukit_ilk.elf
 
arm-none-eabi-size  edukit_ilk.elf 
arm-none-eabi-objdump -h -S edukit_ilk.elf  > "edukit_ilk.list"
   text	   data	    bss	    dec	    hex	filename
   5348	     20	   1572	   6940	   1b1c	edukit_ilk.elf
Finished building: default.size.stdout
 
Finished building: edukit_ilk.list
 

12:14:32 Build Finished. 0 errors, 0 warnings. (took 660ms)

