14:42:38 **** Incremental Build of configuration Debug for project ROVISA ****
make -j16 all 
arm-none-eabi-gcc -o "ROVISA.elf" @"objects.list"   -mcpu=cortex-m3 -T"C:\Users\hasan\STM32CubeIDE\workspace_1.14.0\ROVISA\STM32F103C8TX_FLASH.ld" --specs=nosys.specs -Wl,-Map="ROVISA.map" -Wl,--gc-sections -static --specs=nano.specs -mfloat-abi=soft -mthumb -Wl,--start-group -lc -lm -Wl,--end-group
C:/ST/STM32CubeIDE_1.14.0/STM32CubeIDE/plugins/com.st.stm32cube.ide.mcu.externaltools.gnu-tools-for-stm32.12.3.rel1.win32_1.0.100.202403111256/tools/bin/../lib/gcc/arm-none-eabi/12.3.1/../../../../arm-none-eabi/bin/ld.exe: warning: ROVISA.elf has a LOAD segment with RWX permissions
Finished building target: ROVISA.elf
 
arm-none-eabi-size  ROVISA.elf 
arm-none-eabi-objdump -h -S ROVISA.elf  > "ROVISA.list"
   text	   data	    bss	    dec	    hex	filename
  21048	    112	   6512	  27672	   6c18	ROVISA.elf
Finished building: default.size.stdout
 
Finished building: ROVISA.list
 

14:42:38 Build Finished. 0 errors, 1 warnings. (took 554ms)

